[33mÔØ»[39m Building...
[32mÔ£ö[39m Building...
[1mInitial chunk files[22m  [2m | [22m[1mNames[22m        [2m | [22m [1mRaw size[22m[2m | [22m[1mEstimated transfer size[22m
[32mmain-WQV7B2HM.js[39m     [2m | [22m[2mmain[22m         [2m | [22m  [36m1.76 MB[39m[2m | [22m              [36m377.45 kB[39m
[32mstyles-OHS3HHEQ.css[39m  [2m | [22m[2mstyles[22m       [2m | [22m [36m64.73 kB[39m[2m | [22m               [36m11.04 kB[39m
[32mpolyfills-5CFQRCPP.js[39m[2m | [22m[2mpolyfills[22m    [2m | [22m [36m34.59 kB[39m[2m | [22m               [36m11.33 kB[39m
[32mchunk-MG3ERZGY.js[39m    [2m | [22m[2m-[22m            [2m | [22m  [36m1.39 kB[39m[2m | [22m              [36m604 bytes[39m

[1m [22m                    [2m | [22m[1mInitial total[22m[2m | [22m  [1m[91m1.86 MB[39m[22m[2m | [22m              [1m400.43 kB[22m

[1mLazy chunk files[22m     [2m | [22m[1mNames[22m        [2m | [22m [1mRaw size[22m[2m | [22m[1mEstimated transfer size[22m
[32mchunk-Q42LUEJD.js[39m    [2m | [22m[2mquill[22m        [2m | [22m[36m204.95 kB[39m[2m | [22m               [36m51.81 kB[39m

Application bundle generation failed. [6.439 seconds]

node.exe : [1m[
33m[33mÔû▓ [43;
33m[[43;30mWARNI
NG[43;33m][0m 
[1mbundle 
initial exceeded 
maximum budget. 
Budget 500.00 kB 
was not met by 
1.36 MB with a 
total of 1.86 
MB.[0m
No C:\Users\PC Ca
buloso\AppData\Ro
aming\npm\ng.ps1:
24 caractere:5
+     & 
"node$exe"  "$bas
edir/node_modules
/@angular/cli/bin
/ng.js" $arg ...
+     ~~~~~~~~~~~
~~~~~~~~~~~~~~~~~
~~~~~~~~~~~~~~~~~
~~~~~~~~~~~~~~~~~
~~~
    + CategoryIn 
   fo            
  : NotSpecifi   
 ed: ([1m[3    
3m[33mÔ...o    
f 1.86 MB.[    
0m:String) [    
], RemoteExc    
eption
    + FullyQuali 
   fiedErrorId   
  : NativeComm   
 andError
 


[33mÔû▓ [43;33m
[[43;30mWARNING
[43;33m][0m [1m
src/app/component
s/sobre/sobre.css
 exceeded 
maximum budget. 
Budget 4.00 kB 
was not met by 
409 bytes with a 
total of 4.41 
kB.[0m


[33mÔû▓ [43;33m
[[43;30mWARNING
[43;33m][0m 
[1mModule 
'quill-delta' 
used by 'node_mod
ules/quill/core.j
s' is not ESM[0m

  CommonJS or 
AMD dependencies 
can cause 
optimization 
bailouts.
  For more 
information see: 
[4mhttps://angul
ar.dev/tools/cli/
build#configuring
-commonjs-depende
ncies[0m

[39m[22m
[1m[31m[31mX 
[41;31m[[41;97mE
RROR[41;31m][0m
 [1mbundle 
initial exceeded 
maximum budget. 
Budget 1.00 MB 
was not met by 
860.53 kB with a 
total of 1.86 
MB.[0m

[39m[22m
